 *********************************************
 ***              pseudo_2.5               ***
 ***              fitting of               ***
 ***   goedecker type pseudopotentials     ***
 ***   last changes:     december 2010     ***
 ***   parallel run with  2 processes      ***
 *********************************************

 Reading the file input.dat
 __________________________

            0 fit cycles
 plot wfs after each iteration
 Do one pseudopotential calculation.
 No fitting.

hgrid parameters   4  0.3500E+00  0.5000E+00 14
offset and radii   0.0000E+00  0.6600E+01  0.6600E+01
The wavelet coeffs will use about 0.39 MB per orbital.

 Reading data from atom.00.ae
 ____________________________



 pseudo states =            26
 znuc          =     17.00000000000000     
 zpseudo       =     7.000000000000000     
 r_covalent    =     1.870000000000000     
 r_confining   =     3.740000000000000     
 ispp          = s
 gridpoints    =           964

 Initializing libXC with iXC =    -20; nspol =    2

  nl    s      occ        eigenvalue     charge(rcov)    
 3s  -0.5    1.0000   -0.7341174555    0.7469459587
 3s   0.5    1.0000   -0.7341174555    0.7469459587
 4s  -0.5    0.0000    0.0743553447    0.0472996847
 4s   0.5    0.0000    0.0743553447    0.0472996847
 5s  -0.5    0.0000    0.2672609745    0.0297404600
 5s   0.5    0.0000    0.2672609745    0.0297404600
 6s  -0.5    0.0000    0.4301901511    0.0262315303
 6s   0.5    0.0000    0.4301901511    0.0262315303
 3p  -0.5    2.5000   -0.2985552595    0.5913780909
 3p   0.5    2.5000   -0.2985552595    0.5913780909
 4p  -0.5    0.0000    0.1487364382    0.0569595149
 4p   0.5    0.0000    0.1487364382    0.0569595149
 5p  -0.5    0.0000    0.3172513696    0.0439116450
 5p   0.5    0.0000    0.3172513696    0.0439116450
 6p  -0.5    0.0000    0.4732259712    0.0385700361
 6p   0.5    0.0000    0.4732259712    0.0385700361
 3d  -0.5    0.0000    0.1662058267    0.0839252481
 3d   0.5    0.0000    0.1662058267    0.0839252481
 4d  -0.5    0.0000    0.2934376302    0.1098634041
 4d   0.5    0.0000    0.2934376302    0.1098634041
 5d  -0.5    0.0000    0.4275939864    0.1065159524
 5d   0.5    0.0000    0.4275939864    0.1065159524
 4f  -0.5    0.0000    0.2961078552    0.0003904183
 4f   0.5    0.0000    0.2961078552    0.0003904183
 5f  -0.5    0.0000    0.4329529819    0.0013434861
 5f   0.5    0.0000    0.4329529819    0.0013434861
 noccmax             4

 All electron and pseudo-wfn quantum numbers
         n(AE)   l   inl(PS)   
           3     0     1
           3     0     1
           4     0     2
           4     0     2
           5     0     3
           5     0     3
           6     0     4
           6     0     4
           3     1     1
           3     1     1
           4     1     2
           4     1     2
           5     1     3
           5     1     3
           6     1     4
           6     1     4
           3     2     1
           3     2     1
           4     2     2
           4     2     2
           5     2     3
           5     2     3
           4     3     1
           4     3     1
           5     3     2
           5     3     2

 Reading actual weights from file weights.par
 ____________________________________________

 Weight for psi(r=0)=0 is         0.0000000000E+00
 for Ekin(gauss-wavelet)          0.0000000000E+00
 for small radii (norm prj)       0.1000000000E+01
 for large hij  (instable)        0.1000000000E+01
 and for excitation energies      0.1000000000E+04

 all electron energy (Ryd):   -917.1853744809824     

 excitation energies (AE)
   0     0.0000000000E+00
   1    -0.7475004137E-02

 Reading data from psppar
 ________________________

 GTH format

    1.870000000000000         3.740000000000000         0.000000000000000      
    0.000000000000000      <===================
     1.870     3.740     0.000     0.000    rcov, rprb, rcore,zcore (NLCC)
                             spin polarized calculation
        -20                  ixc for XC-functional

 local part
  17.   7.00  0.410 -0.689E+01  0.000E+00  0.000E+00  0.000E+00 znuc,zion, rloc, gpot() 
 nonlocal part in internal format
   1                                                       lpx, (Projectors for l=0..lpx)
 l=            0
  0.339  0.491E+01  0.000E+00  0.416E+01  0.000E+00  0.000E+00  0.000E+00  r_l(),hsep(), so=+0.5
 l=            1
  0.376  0.449E+01  0.000E+00  0.000E+00  0.000E+00  0.000E+00  0.000E+00  r_l(),hsep(), so=+0.5
         0.449E+01  0.000E+00  0.000E+00  0.000E+00  0.000E+00  0.000E+00        hsep(), so=-0.5

 Gaussian basis
 ______________

 amin,amax 0.2050E+00 0.1615E+02
 gaussian 0.7850E+01 0.5179E+01 0.3417E+01 ....  0.4403E-02 0.2905E-02
 gaussians:           20
 r-grid:  0.5125E-03 0.5491E-03 0.5884E-03 ....  0.5236E+02 0.5610E+02
 gridpoints:          169



  Pseudo atom energies
  ____________________

 kinetic energy            =    5.6189447967
 potential energy          =  -11.3407374869
 non local energy          =    2.7609459804
 hartree energy with XC    =    9.0876471629
 exchange + corr energy    =   -2.7536533030
 vxc    correction         =   -3.6010536503
 -------------------------------------------
 el-el  interaction energy =   12.6959934906
 external energy           =  -33.5655226153
 sum of eigenvalues        =   -2.9608467099
 -------------------------------------------
 total energy              =  -14.8094398532

 atomic+electronic charge 0.7456E-08


 Empirical penalty terms from psppar
 ___________________________________

 radii      1.1080100071373681E-004
 hij        2.4000281348054390E-004
 kij         0.000000000000000     

       0       1     0.3572079434E+01     0.0000000000E+00     0.2643448737E-03     0.3497890090E+01     0.7242349969E+00     0.3477690850E+01

 Excitation energies
 ___________________

 Configuration,    dE=Etot-Etot1,    (dE-dE_AE)*weight
             0  0.000000000000E+00  0.000000000000E+00
             1 -0.819923913437E-02  0.724234996905E+00

 Overall penalty value would be    3.572079433700008     

 Penalty contribtions from this configuration
 ____________________________________________

          psi(r=0) =  0.4399E-07          ; psi(0)*wght=  0.0000E+00

 nl    s      occ              ae        pseudo       diff     diff*weight
 3s  -0.5    1.0000
         eigenvalue      -0.7341E+00 -0.7339E+00  0.2375E-03  0.2375E+01
         charge           0.7469E+00  0.7468E+00 -0.1310E-03  0.1310E+00
         residue                      0.4378E-06              0.0000E+00
         rnode                        0.0000E+00              0.0000E+00

 3s   0.5    1.0000
         eigenvalue      -0.7341E+00 -0.7339E+00  0.2375E-03  0.2375E+01
         charge           0.7469E+00  0.7468E+00 -0.1310E-03  0.1310E+00
         residue                      0.4378E-06              0.0000E+00
         rnode                        0.1393E-05              0.1393E-05

 4s  -0.5    0.0000
         eigenvalue       0.7436E-01  0.7335E-01 -0.1005E-02  0.1005E-02
         charge           0.4730E-01  0.4984E-01  0.2538E-02  0.2538E-02
         residue                      0.7921E-07              0.0000E+00

 4s   0.5    0.0000
         eigenvalue       0.7436E-01  0.7335E-01 -0.1005E-02  0.1005E-02
         charge           0.4730E-01  0.4984E-01  0.2538E-02  0.2538E-02
         residue                      0.7921E-07              0.0000E+00

 5s  -0.5    0.0000
         eigenvalue       0.2673E+00  0.2661E+00 -0.1173E-02  0.1173E-02
         charge           0.2974E-01  0.3212E-01  0.2377E-02  0.2377E-02
         residue                      0.1963E-05              0.0000E+00

 5s   0.5    0.0000
         eigenvalue       0.2673E+00  0.2661E+00 -0.1173E-02  0.1173E-02
         charge           0.2974E-01  0.3212E-01  0.2377E-02  0.2377E-02
         residue                      0.1963E-05              0.0000E+00

 6s  -0.5    0.0000
         eigenvalue       0.4302E+00  0.4286E+00 -0.1629E-02  0.1629E-02
         charge           0.2623E-01  0.2926E-01  0.3026E-02  0.3026E-02
         residue                      0.8097E-05              0.0000E+00

 6s   0.5    0.0000
         eigenvalue       0.4302E+00  0.4286E+00 -0.1629E-02  0.1629E-02
         charge           0.2623E-01  0.2926E-01  0.3026E-02  0.3026E-02
         residue                      0.8097E-05              0.0000E+00

 3p  -0.5    2.5000
         eigenvalue      -0.2986E+00 -0.2986E+00 -0.6211E-04  0.6211E+00
         charge           0.5914E+00  0.5914E+00  0.4744E-04  0.4744E-01
         residue                      0.3456E-07              0.0000E+00
         rnode                        0.0000E+00              0.0000E+00

 3p   0.5    2.5000
         eigenvalue      -0.2986E+00 -0.2986E+00 -0.6211E-04  0.6211E+00
         charge           0.5914E+00  0.5914E+00  0.4744E-04  0.4744E-01
         residue                      0.3456E-07              0.0000E+00
         rnode                        0.0000E+00              0.0000E+00

 4p  -0.5    0.0000
         eigenvalue       0.1487E+00  0.1486E+00 -0.1727E-03  0.1727E-03
         charge           0.5696E-01  0.5758E-01  0.6225E-03  0.6225E-03
         residue                      0.1315E-07              0.0000E+00

 4p   0.5    0.0000
         eigenvalue       0.1487E+00  0.1486E+00 -0.1727E-03  0.1727E-03
         charge           0.5696E-01  0.5758E-01  0.6225E-03  0.6225E-03
         residue                      0.1315E-07              0.0000E+00

 5p  -0.5    0.0000
         eigenvalue       0.3173E+00  0.3170E+00 -0.2876E-03  0.2876E-03
         charge           0.4391E-01  0.4464E-01  0.7293E-03  0.7293E-03
         residue                      0.4304E-05              0.0000E+00

 5p   0.5    0.0000
         eigenvalue       0.3173E+00  0.3170E+00 -0.2876E-03  0.2876E-03
         charge           0.4391E-01  0.4464E-01  0.7293E-03  0.7293E-03
         residue                      0.4304E-05              0.0000E+00

 6p  -0.5    0.0000
         eigenvalue       0.4732E+00  0.4728E+00 -0.4482E-03  0.4482E-03
         charge           0.3857E-01  0.3946E-01  0.8887E-03  0.8887E-03
         residue                      0.3723E-05              0.0000E+00

 6p   0.5    0.0000
         eigenvalue       0.4732E+00  0.4728E+00 -0.4482E-03  0.4482E-03
         charge           0.3857E-01  0.3946E-01  0.8887E-03  0.8887E-03
         residue                      0.3723E-05              0.0000E+00

 3d  -0.5    0.0000
         eigenvalue       0.1662E+00  0.1659E+00 -0.3547E-03  0.3547E-03
         charge           0.8393E-01  0.8390E-01 -0.2564E-04  0.2564E-04
         residue                      0.8156E-08              0.0000E+00

 3d   0.5    0.0000
         eigenvalue       0.1662E+00  0.1659E+00 -0.3547E-03  0.3547E-03
         charge           0.8393E-01  0.8390E-01 -0.2564E-04  0.2564E-04
         residue                      0.8156E-08              0.0000E+00

 4d  -0.5    0.0000
         eigenvalue       0.2934E+00  0.2933E+00 -0.1664E-03  0.1664E-03
         charge           0.1099E+00  0.1079E+00 -0.1987E-02  0.1987E-02
         residue                      0.1385E-06              0.0000E+00

 4d   0.5    0.0000
         eigenvalue       0.2934E+00  0.2933E+00 -0.1664E-03  0.1664E-03
         charge           0.1099E+00  0.1079E+00 -0.1987E-02  0.1987E-02
         residue                      0.1385E-06              0.0000E+00

 5d  -0.5    0.0000
         eigenvalue       0.4276E+00  0.4278E+00  0.2397E-03  0.2397E-03
         charge           0.1065E+00  0.1035E+00 -0.3035E-02  0.3035E-02
         residue                      0.3009E-04              0.0000E+00

 5d   0.5    0.0000
         eigenvalue       0.4276E+00  0.4278E+00  0.2397E-03  0.2397E-03
         charge           0.1065E+00  0.1035E+00 -0.3035E-02  0.3035E-02
         residue                      0.3009E-04              0.0000E+00

 4f  -0.5    0.0000
         eigenvalue       0.2961E+00  0.2961E+00 -0.3141E-06  0.3141E-06
         charge           0.3904E-03  0.3963E-03  0.5865E-05  0.5865E-05
         residue                      0.6028E-07              0.0000E+00

 4f   0.5    0.0000
         eigenvalue       0.2961E+00  0.2961E+00 -0.3141E-06  0.3141E-06
         charge           0.3904E-03  0.3963E-03  0.5865E-05  0.5865E-05
         residue                      0.6028E-07              0.0000E+00

 5f  -0.5    0.0000
         eigenvalue       0.4330E+00  0.4329E+00 -0.7844E-05  0.7844E-05
         charge           0.1343E-02  0.1366E-02  0.2272E-04  0.2272E-04
         residue                      0.1647E-04              0.0000E+00

 5f   0.5    0.0000
         eigenvalue       0.4330E+00  0.4329E+00 -0.7844E-05  0.7844E-05
         charge           0.1343E-02  0.1366E-02  0.2272E-04  0.2272E-04
         residue                      0.1647E-04              0.0000E+00

 diff for dcharg and echarge is given in (%)

 Plot files for gnuplot written.
 To plot wfs type 'gnuplot pswf.gnu' 


 Total SCF-cycles:           35
 Pseudoatom calculations:            1

 Simple Time Profiling
 _____________________

 gatom  overall runtime     0.058 seconds
 MPI comminactions time     0.000 seconds
 wavelet libraries time     0.000 seconds
 ________________________________________
               CPU time     1.560 seconds

 ______________________________________________________
                                               finished

