 *********************************************
 ***              pseudo_2.5               ***
 ***              fitting of               ***
 ***   goedecker type pseudopotentials     ***
 ***   last changes:     december 2010     ***
 ***   output file for process  1 of  2    ***
 *********************************************

 Reading the file input.dat
 __________________________

            1 fit cycles
 plot wfs after each iteration

hgrid parameters   4  0.3500E+00  0.5000E+00 14
offset and radii   0.0000E+00  0.1000E+02  0.1000E+02
The wavelet coeffs will use about 1.41 MB per orbital.

 Reading data from atom.01.ae
 ____________________________



 pseudo states =            26
 znuc          =     17.00000000000000     
 zpseudo       =     7.000000000000000     
 r_covalent    =     1.870000000000000     
 r_confining   =     3.740000000000000     
 ispp          = s
 gridpoints    =           964

 Initializing libXC with iXC =    -20; nspol =    2

  nl    s      occ        eigenvalue     charge(rcov)    
 3s  -0.5    1.0000   -0.7494744401    0.7489409577
 3s   0.5    1.0000   -0.7160465506    0.7444605766
 4s  -0.5    0.0000    0.0721879190    0.0477492394
 4s   0.5    0.0000    0.0769853482    0.0468195070
 5s  -0.5    0.0000    0.2660068508    0.0296391152
 5s   0.5    0.0000    0.2687767996    0.0298705322
 6s  -0.5    0.0000    0.4291135108    0.0261160862
 6s   0.5    0.0000    0.4314899329    0.0263761314
 3p  -0.5    3.0000   -0.3123372193    0.5964961043
 3p   0.5    2.0000   -0.2824403531    0.5850561994
 4p  -0.5    0.0000    0.1471616682    0.0564369248
 4p   0.5    0.0000    0.1507033340    0.0576423240
 5p  -0.5    0.0000    0.3159946390    0.0433826836
 5p   0.5    0.0000    0.3187807028    0.0445828941
 6p  -0.5    0.0000    0.4720902585    0.0381346681
 6p   0.5    0.0000    0.4746014347    0.0391140105
 3d  -0.5    0.0000    0.1623100657    0.0931727411
 3d   0.5    0.0000    0.1705201264    0.0741263987
 4d  -0.5    0.0000    0.2900064033    0.1126347810
 4d   0.5    0.0000    0.2974742998    0.1058631430
 5d  -0.5    0.0000    0.4249547521    0.1058989870
 5d   0.5    0.0000    0.4307946527    0.1067465933
 4f  -0.5    0.0000    0.2958560612    0.0004110996
 4f   0.5    0.0000    0.2964766168    0.0003674438
 5f  -0.5    0.0000    0.4324236875    0.0014133925
 5f   0.5    0.0000    0.4336158399    0.0012669859
 noccmax             4

 All electron and pseudo-wfn quantum numbers
         n(AE)   l   inl(PS)   
           3     0     1
           3     0     1
           4     0     2
           4     0     2
           5     0     3
           5     0     3
           6     0     4
           6     0     4
           3     1     1
           3     1     1
           4     1     2
           4     1     2
           5     1     3
           5     1     3
           6     1     4
           6     1     4
           3     2     1
           3     2     1
           4     2     2
           4     2     2
           5     2     3
           5     2     3
           4     3     1
           4     3     1
           5     3     2
           5     3     2

 Reading actual weights from file weights.par
 ____________________________________________

 Weight for psi(r=0)=0 is         0.0000000000E+00
 for Ekin(gauss-wavelet)          0.0000000000E+00
 for small radii (norm prj)       0.1000000000E+01
 for large hij  (instable)        0.1000000000E+01
 and for excitation energies      0.1000000000E+04

 all electron energy (Ryd):   -917.2003244892574     

 excitation energies (AE)
   0     0.0000000000E+00
   1    -0.7475004137E-02

 Reading data from psppar
 ________________________

 HGH matrix format

    1.870000000000000         3.740000000000000        0.3467076200000000      
    4.437673500000000      <===================
     1.870     3.740     0.347     4.438    rcov, rprb, rcore,zcore (NLCC)
                             spin polarized calculation
        -20                  ixc for XC-functional

 local part
  17.   7.00  0.410 -0.463E+01  0.000E+00  0.000E+00  0.000E+00 znuc,zion, rloc, gpot() 
 nonlocal part in internal format
   1                                                       lpx, (Projectors for l=0..lpx)
 l=            0
  0.339  0.594E+01 -0.344E+00  0.413E+01  0.000E+00  0.000E+00  0.000E+00  r_l(),hsep(), so=+0.5
 l=            1
  0.374  0.447E+01  0.000E+00  0.000E+00  0.000E+00  0.000E+00  0.000E+00  r_l(),hsep(), so=+0.5
         0.447E+01  0.000E+00  0.000E+00  0.000E+00  0.000E+00  0.000E+00        hsep(), so=-0.5
 This pseudopotential inplies a
 nonlinear core correction.
 rhocore is a Gaussian.
 Parameters rcore and zcore:   0.3467076200000000      
    4.437673500000000     

 Gaussian basis
 ______________

 amin,amax 0.2050E+00 0.1615E+02
 gaussian 0.7850E+01 0.5179E+01 0.3417E+01 ....  0.4403E-02 0.2905E-02
 gaussians:           20
 r-grid:  0.5125E-03 0.5491E-03 0.5884E-03 ....  0.5236E+02 0.5610E+02
 gridpoints:          169


 Reading fitting parameters from FITPAR
 ______________________________________

 initial width, tries and spread for convergence     0.2000000000E-01 200     0.10000E-05

 Free parameters of the fit:

 gpot(1)   
 rcore     
 zcore     
 r_l(1)    
 hsep(1,1) 
 hsep(1,2) 
 hsep(1,3) 
 r_l(2)    
 hsep(2,1) 

 starting amoeba cycle   1
 _________________________

 Penalty contributions of the initial parameters and random simplex vertices
 ___________________________________________________________________________

  amoeba   vertex    overall penalty      softness             psp empirical        all configurations   all excitation       this configuration
    step   number    value                gauss-wvlt           (hgridmax/r)**12     E_KS, integrals      energies             and its excitation
       0       1     0.5438109441E+00     0.0000000000E+00     0.6417784054E-03     0.4626140305E+00     0.2858639359E+00     0.5189219945E+00
       0       2     0.1016947426E+01     0.0000000000E+00     0.6417784054E-03     0.9761204028E+00     0.2852553486E+00     0.6806483696E+00
       0       3     0.6195989372E+00     0.0000000000E+00     0.6417784054E-03     0.5495936140E+00     0.2860931500E+00     0.5130049323E+00
       0       4     0.5519376617E+00     0.0000000000E+00     0.6417784054E-03     0.4720820540E+00     0.2859603205E+00     0.5094465982E+00
       0       5     0.1903206592E+02     0.0000000000E+00     0.6416987833E-03     0.1902990080E+02     0.2870683766E+00     0.1334210475E+02
       0       6     0.2700039570E+01     0.0000000000E+00     0.6453666951E-03     0.2684846429E+01     0.2860295691E+00     0.1830595391E+01
       0       7     0.5316567083E+01     0.0000000000E+00     0.6417784054E-03     0.5308858218E+01     0.2861984583E+00     0.3661243641E+01
       0       8     0.3771296551E+01     0.0000000000E+00     0.6417980832E-03     0.3760429019E+01     0.2860958803E+00     0.2573967479E+01
       0       9     0.1186812934E+02     0.0000000000E+00     0.6417871554E-03     0.1186459854E+02     0.2894739608E+00     0.8302019323E+01
       0      10     0.5642991566E+01     0.0000000000E+00     0.6416844472E-03     0.5635676388E+01     0.2872369172E+00     0.3900727225E+01

 Penalty contributions of the currently lowest vertex
 ____________________________________________________

  amoeba   gatom     overall penalty      softness             psp empirical        all configurations   all excitation       this configuration
    step   calls     value                gauss-wvlt           (hgridmax/r)**12     E_KS, integrals      energies             and its excitation
 no improvement during           40 iterations, tolerance is          200
      53     104     0.5436204184E+00     0.0000000000E+00     0.6418147031E-03     0.4624106032E+00     0.2858306867E+00     0.5270260854E+00
      55     108     0.5423556652E+00     0.0000000000E+00     0.6417408802E-03     0.4609438912E+00     0.2857971044E+00     0.5224847556E+00
      65     124     0.5408097569E+00     0.0000000000E+00     0.6417837562E-03     0.4591313493E+00     0.2857852084E+00     0.5190655355E+00
      65     125     0.5396088602E+00     0.0000000000E+00     0.6417864316E-03     0.4577407486E+00     0.2857458962E+00     0.5193258311E+00
      74     137     0.5394740585E+00     0.0000000000E+00     0.6417552381E-03     0.4576057357E+00     0.2857076103E+00     0.5162894385E+00
      74     138     0.5381823548E+00     0.0000000000E+00     0.6417369261E-03     0.4561156434E+00     0.2856542579E+00     0.5136299830E+00
      80     144     0.5371184393E+00     0.0000000000E+00     0.6417963144E-03     0.4548839006E+00     0.2856159010E+00     0.5139662547E+00
      80     145     0.5357446134E+00     0.0000000000E+00     0.6418127712E-03     0.4533073662E+00     0.2855421346E+00     0.5108138526E+00
      83     148     0.5356698812E+00     0.0000000000E+00     0.6417718680E-03     0.4532040224E+00     0.2855659711E+00     0.5140828996E+00
      83     149     0.5340821769E+00     0.0000000000E+00     0.6417665523E-03     0.4513825875E+00     0.2854770034E+00     0.5136708857E+00
      88     154     0.5336231743E+00     0.0000000000E+00     0.6417513890E-03     0.4508606119E+00     0.2854434952E+00     0.5121241612E+00
      88     155     0.5325378313E+00     0.0000000000E+00     0.6417311367E-03     0.4496478329E+00     0.2853295573E+00     0.5128540595E+00
      92     159     0.5318482728E+00     0.0000000000E+00     0.6417626462E-03     0.4488793081E+00     0.2852534664E+00     0.5090127521E+00
      92     160     0.5314606609E+00     0.0000000000E+00     0.6417550820E-03     0.4485349183E+00     0.2850727088E+00     0.5082070131E+00
      93     161     0.5312524095E+00     0.0000000000E+00     0.6417148341E-03     0.4481947411E+00     0.2852195379E+00     0.5107026475E+00
      93     162     0.5309437576E+00     0.0000000000E+00     0.6416658709E-03     0.4479317226E+00     0.2850579483E+00     0.5120379796E+00
     106     181     0.5308344236E+00     0.0000000000E+00     0.6417113326E-03     0.4477900022E+00     0.2850769851E+00     0.5054248928E+00
     111     188     0.5304139013E+00     0.0000000000E+00     0.6416935700E-03     0.4473374899E+00     0.2850046754E+00     0.5084706853E+00
     111     189     0.5303885477E+00     0.0000000000E+00     0.6416744668E-03     0.4473737082E+00     0.2849006230E+00     0.5076413276E+00
     113     191     0.5302538674E+00     0.0000000000E+00     0.6416508573E-03     0.4470650364E+00     0.2851343637E+00     0.5104124388E+00
     114     193     0.5301376635E+00     0.0000000000E+00     0.6416668796E-03     0.4470265957E+00     0.2849785137E+00     0.5069583830E+00
     116     196     0.5294990605E+00     0.0000000000E+00     0.6416145919E-03     0.4462724607E+00     0.2849732168E+00     0.5071777995E+00
     116     197     0.5289183305E+00     0.0000000000E+00     0.6415498636E-03     0.4456378271E+00     0.2848879003E+00     0.5056512056E+00
     124     205     0.5287164221E+00     0.0000000000E+00     0.6415638882E-03     0.4453349924E+00     0.2849866452E+00     0.5044809838E+00
     124     206     0.5286024497E+00     0.0000000000E+00     0.6415086056E-03     0.4451553784E+00     0.2850558321E+00     0.5032774909E+00
     126     208     0.5284322198E+00     0.0000000000E+00     0.6415152006E-03     0.4450990228E+00     0.2848281224E+00     0.5022434019E+00
     126     209     0.5283986613E+00     0.0000000000E+00     0.6414393728E-03     0.4451029260E+00     0.2847597568E+00     0.5003862442E+00
     127     210     0.5282761708E+00     0.0000000000E+00     0.6415255621E-03     0.4448188443E+00     0.2849763093E+00     0.5021455224E+00
     129     213     0.5275655244E+00     0.0000000000E+00     0.6413999648E-03     0.4441532078E+00     0.2846979086E+00     0.5015910738E+00
     129     214     0.5275473699E+00     0.0000000000E+00     0.6412664844E-03     0.4442341591E+00     0.2845379203E+00     0.5010823296E+00
     132     217     0.5265173100E+00     0.0000000000E+00     0.6413421161E-03     0.4428589283E+00     0.2847736575E+00     0.5004365750E+00
     132     218     0.5255711593E+00     0.0000000000E+00     0.6412141724E-03     0.4417809119E+00     0.2847002954E+00     0.4994709364E+00
     137     223     0.5254844220E+00     0.0000000000E+00     0.6411709852E-03     0.4416544440E+00     0.2847364022E+00     0.5004695895E+00
     139     226     0.5254654492E+00     0.0000000000E+00     0.6409550847E-03     0.4418472487E+00     0.2844020680E+00     0.5001057795E+00
     141     229     0.5251220332E+00     0.0000000000E+00     0.6410288349E-03     0.4412616577E+00     0.2846768136E+00     0.4978692441E+00
     144     233     0.5244712840E+00     0.0000000000E+00     0.6409102936E-03     0.4405869265E+00     0.2845221911E+00     0.5008834499E+00
     144     234     0.5248988704E+00     0.0000000000E+00     0.6407490780E-03     0.4411647146E+00     0.2844153796E+00     0.5042612241E+00
     146     237     0.5242465136E+00     0.0000000000E+00     0.6408001629E-03     0.4403859745E+00     0.2844190392E+00     0.4992181907E+00
     146     238     0.5247968542E+00     0.0000000000E+00     0.6405806747E-03     0.4411567450E+00     0.2842394310E+00     0.5004385381E+00
     147     239     0.5247960516E+00     0.0000000000E+00     0.6407882887E-03     0.4410604839E+00     0.2843872971E+00     0.4974088104E+00
     148     241     0.5244743976E+00     0.0000000000E+00     0.6406088258E-03     0.4407290683E+00     0.2843077061E+00     0.4988088530E+00
     152     248     0.5244593217E+00     0.0000000000E+00     0.6408804882E-03     0.4405291463E+00     0.2845896004E+00     0.4988448008E+00
     153     250     0.5244334639E+00     0.0000000000E+00     0.6408047819E-03     0.4405186332E+00     0.2845582212E+00     0.5007417967E+00
     154     252     0.5244207014E+00     0.0000000000E+00     0.6406601878E-03     0.4406251131E+00     0.2843697792E+00     0.4990936699E+00
     155     254     0.5243556227E+00     0.0000000000E+00     0.6409013017E-03     0.4404263992E+00     0.2845575429E+00     0.4982654992E+00
     158     259     0.5243132822E+00     0.0000000000E+00     0.6406908501E-03     0.4405081525E+00     0.2843529057E+00     0.4990532133E+00
     159     261     0.5242969243E+00     0.0000000000E+00     0.6407892518E-03     0.4404407090E+00     0.2844272070E+00     0.4977106870E+00
     161     265     0.5242581146E+00     0.0000000000E+00     0.6408259585E-03     0.4403768163E+00     0.2844546005E+00     0.4988189729E+00
     162     267     0.5242432709E+00     0.0000000000E+00     0.6407065858E-03     0.4404035962E+00     0.2843857750E+00     0.4984903703E+00
     164     270     0.5242325248E+00     0.0000000000E+00     0.6407885094E-03     0.4403208086E+00     0.2844941387E+00     0.4993495354E+00
     166     274     0.5242322234E+00     0.0000000000E+00     0.6407399196E-03     0.4403886118E+00     0.2843886145E+00     0.4981543693E+00
     167     276     0.5242230316E+00     0.0000000000E+00     0.6408319559E-03     0.4403121936E+00     0.2844899795E+00     0.4979107453E+00
     168     278     0.5242162608E+00     0.0000000000E+00     0.6408335597E-03     0.4403000420E+00     0.2844963099E+00     0.4981795854E+00
     172     285     0.5242090006E+00     0.0000000000E+00     0.6408249254E-03     0.4402938212E+00     0.2844925599E+00     0.4979280516E+00
     173     287     0.5241988148E+00     0.0000000000E+00     0.6408030353E-03     0.4403076795E+00     0.2844523408E+00     0.4984815132E+00
     174     289     0.5241983227E+00     0.0000000000E+00     0.6407561530E-03     0.4403212743E+00     0.2844303892E+00     0.4983480590E+00
     176     293     0.5241934584E+00     0.0000000000E+00     0.6407893827E-03     0.4402887373E+00     0.2844717895E+00     0.4986844703E+00
     178     296     0.5241931099E+00     0.0000000000E+00     0.6408051036E-03     0.4402914699E+00     0.2844669178E+00     0.4991372962E+00
     182     303     0.5241878513E+00     0.0000000000E+00     0.6407689184E-03     0.4403039851E+00     0.2844378552E+00     0.4986278641E+00
     183     305     0.5241850498E+00     0.0000000000E+00     0.6408031657E-03     0.4402789583E+00     0.2844714303E+00     0.4982304327E+00
     184     307     0.5241845747E+00     0.0000000000E+00     0.6407941750E-03     0.4402858512E+00     0.2844598863E+00     0.4984318507E+00
     196     327     0.5241831979E+00     0.0000000000E+00     0.6407817405E-03     0.4402902674E+00     0.2844505138E+00     0.4985680674E+00
     201     335     0.5241825772E+00     0.0000000000E+00     0.6407835586E-03     0.4402874619E+00     0.2844537126E+00     0.4984808603E+00
     203     338     0.5241822635E+00     0.0000000000E+00     0.6407910313E-03     0.4402874149E+00     0.2844532072E+00     0.4984448841E+00
     207     346     0.5241821094E+00     0.0000000000E+00     0.6407827120E-03     0.4402885158E+00     0.2844512191E+00     0.4986903893E+00
     210     351     0.5241819306E+00     0.0000000000E+00     0.6407826752E-03     0.4402879216E+00     0.2844518093E+00     0.4984951765E+00
     211     356     0.5241697484E+00     0.0000000000E+00     0.6407831169E-03     0.4402686642E+00     0.2844591673E+00     0.4984719622E+00
     211     362     0.5241817950E+00     0.0000000000E+00     0.6407868532E-03     0.4402864729E+00     0.2844538018E+00     0.4984718694E+00
     212     366     0.5241818701E+00     0.0000000000E+00     0.6407823989E-03     0.4402876845E+00     0.2844520649E+00     0.4985411759E+00
     212     367     0.5241790915E+00     0.0000000000E+00     0.6407828960E-03     0.4402832419E+00     0.2844538210E+00     0.4984860448E+00
     212     368     0.5241806357E+00     0.0000000000E+00     0.6407828739E-03     0.4402866908E+00     0.2844513284E+00     0.4984756613E+00
     212     370     0.5241788257E+00     0.0000000000E+00     0.6407850746E-03     0.4402815814E+00     0.2844559012E+00     0.4985157524E+00
     212     372     0.5241812133E+00     0.0000000000E+00     0.6407826658E-03     0.4402875280E+00     0.2844510969E+00     0.4985067870E+00
     214     375     0.5241726161E+00     0.0000000000E+00     0.6407813834E-03     0.4402774094E+00     0.2844509161E+00     0.4985006745E+00
 no improvement during           40 iterations, tolerance is          200
 no improvement during           80 iterations, tolerance is          200
 no improvement during          120 iterations, tolerance is          200
 no improvement during          160 iterations, tolerance is          200
 no improvement during          200 iterations, tolerance is          200
 no improvement during          200 iterations, tolerance is exceeded.
 ______________
 leaving amoeba



  Pseudo atom energies
  ____________________

 kinetic energy            =    5.6446353112
 potential energy          =  -11.2622161290
 non local energy          =    2.6501409032
 hartree energy with XC    =    7.6891962318
 exchange + corr energy    =   -7.5212921408
 vxc    correction         =   -9.8821947630
 -------------------------------------------
 el-el  interaction energy =   12.7002397572
 external energy           =  -33.1873674957
 sum of eigenvalues        =   -2.9674399146
 -------------------------------------------
 total energy              =  -13.3067770495

 atomic+electronic charge 0.2549E-12


 Empirical penalty terms from psppar
 ___________________________________

 radii      1.1117479874972605E-004
 hij        6.3106334505689794E-004
 kij         0.000000000000000     


 Excitation energies
 ___________________

 Configuration,    dE=Etot-Etot1,    (dE-dE_AE)*weight
             0  0.000000000000E+00  0.000000000000E+00
             1 -0.775945492529E-02  0.284450787827E+00


 Penalty contribtions from this configuration
 ____________________________________________

          psi(r=0) =  0.2583E-02          ; psi(0)*wght=  0.0000E+00

 nl    s      occ              ae        pseudo       diff     diff*weight
 3s  -0.5    1.0000
         eigenvalue      -0.7495E+00 -0.7495E+00 -0.2474E-04  0.2474E+00
         charge           0.7489E+00  0.7489E+00 -0.3115E-05  0.3115E-02
         residue                      0.2802E-06              0.0000E+00
         rnode                        0.0000E+00              0.0000E+00

 3s   0.5    1.0000
         eigenvalue      -0.7160E+00 -0.7160E+00  0.6380E-05  0.6380E-01
         charge           0.7445E+00  0.7445E+00  0.7818E-04  0.7818E-01
         residue                      0.1693E-06              0.0000E+00
         rnode                        0.4921E-02              0.4921E-02

 4s  -0.5    0.0000
         eigenvalue       0.7219E-01  0.7138E-01 -0.8121E-03  0.8121E-03
         charge           0.4775E-01  0.4960E-01  0.1852E-02  0.1852E-02
         residue                      0.4623E-07              0.0000E+00

 4s   0.5    0.0000
         eigenvalue       0.7699E-01  0.7623E-01 -0.7589E-03  0.7589E-03
         charge           0.4682E-01  0.4856E-01  0.1738E-02  0.1738E-02
         residue                      0.2931E-07              0.0000E+00

 5s  -0.5    0.0000
         eigenvalue       0.2660E+00  0.2651E+00 -0.8901E-03  0.8901E-03
         charge           0.2964E-01  0.3126E-01  0.1616E-02  0.1616E-02
         residue                      0.1848E-05              0.0000E+00

 5s   0.5    0.0000
         eigenvalue       0.2688E+00  0.2679E+00 -0.8606E-03  0.8606E-03
         charge           0.2987E-01  0.3144E-01  0.1569E-02  0.1569E-02
         residue                      0.1929E-05              0.0000E+00

 6s  -0.5    0.0000
         eigenvalue       0.4291E+00  0.4279E+00 -0.1189E-02  0.1189E-02
         charge           0.2612E-01  0.2807E-01  0.1955E-02  0.1955E-02
         residue                      0.7569E-05              0.0000E+00

 6s   0.5    0.0000
         eigenvalue       0.4315E+00  0.4303E+00 -0.1159E-02  0.1159E-02
         charge           0.2638E-01  0.2829E-01  0.1910E-02  0.1910E-02
         residue                      0.8966E-05              0.0000E+00

 3p  -0.5    3.0000
         eigenvalue      -0.3123E+00 -0.3123E+00  0.1443E-04  0.1443E+00
         charge           0.5965E+00  0.5964E+00 -0.7434E-04  0.7434E-01
         residue                      0.1171E-06              0.0000E+00
         rnode                        0.0000E+00              0.0000E+00

 3p   0.5    2.0000
         eigenvalue      -0.2824E+00 -0.2825E+00 -0.2574E-04  0.2574E+00
         charge           0.5851E+00  0.5851E+00  0.5762E-04  0.5762E-01
         residue                      0.8111E-07              0.0000E+00
         rnode                        0.0000E+00              0.0000E+00

 4p  -0.5    0.0000
         eigenvalue       0.1472E+00  0.1470E+00 -0.1627E-03  0.1627E-03
         charge           0.5644E-01  0.5704E-01  0.6021E-03  0.6021E-03
         residue                      0.2981E-07              0.0000E+00

 4p   0.5    0.0000
         eigenvalue       0.1507E+00  0.1505E+00 -0.1586E-03  0.1586E-03
         charge           0.5764E-01  0.5821E-01  0.5706E-03  0.5706E-03
         residue                      0.2378E-07              0.0000E+00

 5p  -0.5    0.0000
         eigenvalue       0.3160E+00  0.3157E+00 -0.2675E-03  0.2675E-03
         charge           0.4338E-01  0.4407E-01  0.6922E-03  0.6922E-03
         residue                      0.4254E-05              0.0000E+00

 5p   0.5    0.0000
         eigenvalue       0.3188E+00  0.3185E+00 -0.2627E-03  0.2627E-03
         charge           0.4458E-01  0.4525E-01  0.6711E-03  0.6711E-03
         residue                      0.4576E-05              0.0000E+00

 6p  -0.5    0.0000
         eigenvalue       0.4721E+00  0.4717E+00 -0.4172E-03  0.4172E-03
         charge           0.3813E-01  0.3897E-01  0.8360E-03  0.8360E-03
         residue                      0.3758E-05              0.0000E+00

 6p   0.5    0.0000
         eigenvalue       0.4746E+00  0.4742E+00 -0.4110E-03  0.4110E-03
         charge           0.3911E-01  0.3993E-01  0.8163E-03  0.8163E-03
         residue                      0.3869E-05              0.0000E+00

 3d  -0.5    0.0000
         eigenvalue       0.1623E+00  0.1633E+00  0.9566E-03  0.9566E-03
         charge           0.9317E-01  0.8695E-01 -0.6228E-02  0.6228E-02
         residue                      0.9353E-08              0.0000E+00

 3d   0.5    0.0000
         eigenvalue       0.1705E+00  0.1713E+00  0.7339E-03  0.7339E-03
         charge           0.7413E-01  0.6932E-01 -0.4811E-02  0.4811E-02
         residue                      0.1027E-07              0.0000E+00

 4d  -0.5    0.0000
         eigenvalue       0.2900E+00  0.2916E+00  0.1624E-02  0.1624E-02
         charge           0.1126E+00  0.1058E+00 -0.6805E-02  0.6805E-02
         residue                      0.1115E-06              0.0000E+00

 4d   0.5    0.0000
         eigenvalue       0.2975E+00  0.2989E+00  0.1467E-02  0.1467E-02
         charge           0.1059E+00  0.9908E-01 -0.6781E-02  0.6781E-02
         residue                      0.1998E-06              0.0000E+00

 5d  -0.5    0.0000
         eigenvalue       0.4250E+00  0.4271E+00  0.2106E-02  0.2106E-02
         charge           0.1059E+00  0.1005E+00 -0.5415E-02  0.5415E-02
         residue                      0.3012E-04              0.0000E+00

 5d   0.5    0.0000
         eigenvalue       0.4308E+00  0.4328E+00  0.2041E-02  0.2041E-02
         charge           0.1067E+00  0.1008E+00 -0.5974E-02  0.5974E-02
         residue                      0.3261E-04              0.0000E+00

 4f  -0.5    0.0000
         eigenvalue       0.2959E+00  0.2959E+00 -0.4743E-05  0.4743E-05
         charge           0.4111E-03  0.4158E-03  0.4679E-05  0.4679E-05
         residue                      0.6014E-07              0.0000E+00

 4f   0.5    0.0000
         eigenvalue       0.2965E+00  0.2965E+00 -0.3008E-05  0.3008E-05
         charge           0.3674E-03  0.3715E-03  0.4033E-05  0.4033E-05
         residue                      0.5969E-07              0.0000E+00

 5f  -0.5    0.0000
         eigenvalue       0.4324E+00  0.4324E+00 -0.8904E-05  0.8904E-05
         charge           0.1413E-02  0.1431E-02  0.1795E-04  0.1795E-04
         residue                      0.1614E-04              0.0000E+00

 5f   0.5    0.0000
         eigenvalue       0.4336E+00  0.4336E+00 -0.5017E-05  0.5017E-05
         charge           0.1267E-02  0.1282E-02  0.1549E-04  0.1549E-04
         residue                      0.1687E-04              0.0000E+00

 diff for dcharg and echarge is given in (%)

 Resulting Pseudpotential Parameters
 ___________________________________


 Total SCF-cycles:         7831
 Pseudoatom calculations:         2462

 Simple Time Profiling
 _____________________

 gatom  overall runtime    18.375 seconds
 MPI comminactions time     0.275 seconds
 wavelet libraries time     0.000 seconds
 ________________________________________
               CPU time    20.209 seconds

 ______________________________________________________
                                               finished

