 *********************************************
 ***              pseudo_2.5               ***
 ***              fitting of               ***
 ***   goedecker type pseudopotentials     ***
 ***   last changes:     december 2010     ***
 ***   output file for process  1 of  2    ***
 *********************************************

 Reading the file input.dat
 __________________________

            0 fit cycles
 plot wfs after each iteration
 Do one pseudopotential calculation.
 No fitting.

hgrid parameters   4  0.3500E+00  0.5000E+00 14
offset and radii   0.0000E+00  0.6600E+01  0.6600E+01
The wavelet coeffs will use about 0.39 MB per orbital.

 Reading data from atom.01.ae
 ____________________________



 pseudo states =            26
 znuc          =     17.00000000000000     
 zpseudo       =     7.000000000000000     
 r_covalent    =     1.870000000000000     
 r_confining   =     3.740000000000000     
 ispp          = s
 gridpoints    =           964

 Initializing libXC with iXC =    -20; nspol =    2

  nl    s      occ        eigenvalue     charge(rcov)    
 3s  -0.5    1.0000   -0.7494744401    0.7489409577
 3s   0.5    1.0000   -0.7160465506    0.7444605766
 4s  -0.5    0.0000    0.0721879190    0.0477492394
 4s   0.5    0.0000    0.0769853482    0.0468195070
 5s  -0.5    0.0000    0.2660068508    0.0296391152
 5s   0.5    0.0000    0.2687767996    0.0298705322
 6s  -0.5    0.0000    0.4291135108    0.0261160862
 6s   0.5    0.0000    0.4314899329    0.0263761314
 3p  -0.5    3.0000   -0.3123372193    0.5964961043
 3p   0.5    2.0000   -0.2824403531    0.5850561994
 4p  -0.5    0.0000    0.1471616682    0.0564369248
 4p   0.5    0.0000    0.1507033340    0.0576423240
 5p  -0.5    0.0000    0.3159946390    0.0433826836
 5p   0.5    0.0000    0.3187807028    0.0445828941
 6p  -0.5    0.0000    0.4720902585    0.0381346681
 6p   0.5    0.0000    0.4746014347    0.0391140105
 3d  -0.5    0.0000    0.1623100657    0.0931727411
 3d   0.5    0.0000    0.1705201264    0.0741263987
 4d  -0.5    0.0000    0.2900064033    0.1126347810
 4d   0.5    0.0000    0.2974742998    0.1058631430
 5d  -0.5    0.0000    0.4249547521    0.1058989870
 5d   0.5    0.0000    0.4307946527    0.1067465933
 4f  -0.5    0.0000    0.2958560612    0.0004110996
 4f   0.5    0.0000    0.2964766168    0.0003674438
 5f  -0.5    0.0000    0.4324236875    0.0014133925
 5f   0.5    0.0000    0.4336158399    0.0012669859
 noccmax             4

 All electron and pseudo-wfn quantum numbers
         n(AE)   l   inl(PS)   
           3     0     1
           3     0     1
           4     0     2
           4     0     2
           5     0     3
           5     0     3
           6     0     4
           6     0     4
           3     1     1
           3     1     1
           4     1     2
           4     1     2
           5     1     3
           5     1     3
           6     1     4
           6     1     4
           3     2     1
           3     2     1
           4     2     2
           4     2     2
           5     2     3
           5     2     3
           4     3     1
           4     3     1
           5     3     2
           5     3     2

 Reading actual weights from file weights.par
 ____________________________________________

 Weight for psi(r=0)=0 is         0.0000000000E+00
 for Ekin(gauss-wavelet)          0.0000000000E+00
 for small radii (norm prj)       0.1000000000E+01
 for large hij  (instable)        0.1000000000E+01
 and for excitation energies      0.1000000000E+04

 all electron energy (Ryd):   -917.2003244892574     

 excitation energies (AE)
   0     0.0000000000E+00
   1    -0.7475004137E-02

 Reading data from psppar
 ________________________

 GTH format

    1.870000000000000         3.740000000000000         0.000000000000000      
    0.000000000000000      <===================
     1.870     3.740     0.000     0.000    rcov, rprb, rcore,zcore (NLCC)
                             spin polarized calculation
        -20                  ixc for XC-functional

 local part
  17.   7.00  0.410 -0.689E+01  0.000E+00  0.000E+00  0.000E+00 znuc,zion, rloc, gpot() 
 nonlocal part in internal format
   1                                                       lpx, (Projectors for l=0..lpx)
 l=            0
  0.339  0.491E+01  0.000E+00  0.416E+01  0.000E+00  0.000E+00  0.000E+00  r_l(),hsep(), so=+0.5
 l=            1
  0.376  0.449E+01  0.000E+00  0.000E+00  0.000E+00  0.000E+00  0.000E+00  r_l(),hsep(), so=+0.5
         0.449E+01  0.000E+00  0.000E+00  0.000E+00  0.000E+00  0.000E+00        hsep(), so=-0.5

 Gaussian basis
 ______________

 amin,amax 0.2050E+00 0.1615E+02
 gaussian 0.7850E+01 0.5179E+01 0.3417E+01 ....  0.4403E-02 0.2905E-02
 gaussians:           20
 r-grid:  0.5125E-03 0.5491E-03 0.5884E-03 ....  0.5236E+02 0.5610E+02
 gridpoints:          169



  Pseudo atom energies
  ____________________

 kinetic energy            =    5.6241704029
 potential energy          =  -11.3533950508
 non local energy          =    2.7618491783
 hartree energy with XC    =    9.0884144444
 exchange + corr energy    =   -2.7633764323
 vxc    correction         =   -3.6145157630
 -------------------------------------------
 el-el  interaction energy =   12.7014029534
 external energy           =  -33.5762400679
 sum of eigenvalues        =   -2.9673754696
 -------------------------------------------
 total energy              =  -14.8176390923

 atomic+electronic charge 0.7456E-08


 Empirical penalty terms from psppar
 ___________________________________

 radii      1.1080100071373681E-004
 hij        2.4000281348054390E-004
 kij         0.000000000000000     

       0       1     0.3572079434E+01     0.0000000000E+00     0.2643448737E-03     0.3497890090E+01     0.7242349969E+00     0.8157314270E+00

 Excitation energies
 ___________________

 Configuration,    dE=Etot-Etot1,    (dE-dE_AE)*weight
             0  0.000000000000E+00  0.000000000000E+00
             1 -0.819923913437E-02  0.724234996905E+00

 Overall penalty value would be    3.572079433700008     

 Penalty contribtions from this configuration
 ____________________________________________

          psi(r=0) =  0.2081E-06          ; psi(0)*wght=  0.0000E+00

 nl    s      occ              ae        pseudo       diff     diff*weight
 3s  -0.5    1.0000
         eigenvalue      -0.7495E+00 -0.7512E+00 -0.1680E-02  0.1680E+02
         charge           0.7489E+00  0.7498E+00  0.8764E-03  0.8764E+00
         residue                      0.4400E-06              0.0000E+00
         rnode                        0.0000E+00              0.0000E+00

 3s   0.5    1.0000
         eigenvalue      -0.7160E+00 -0.7134E+00  0.2642E-02  0.2642E+02
         charge           0.7445E+00  0.7431E+00 -0.1383E-02  0.1383E+01
         residue                      0.4348E-06              0.0000E+00
         rnode                        0.4479E-05              0.4479E-05

 4s  -0.5    0.0000
         eigenvalue       0.7219E-01  0.7100E-01 -0.1187E-02  0.1187E-02
         charge           0.4775E-01  0.5031E-01  0.2556E-02  0.2556E-02
         residue                      0.8227E-07              0.0000E+00

 4s   0.5    0.0000
         eigenvalue       0.7699E-01  0.7620E-01 -0.7834E-03  0.7834E-03
         charge           0.4682E-01  0.4934E-01  0.2524E-02  0.2524E-02
         residue                      0.7576E-07              0.0000E+00

 5s  -0.5    0.0000
         eigenvalue       0.2660E+00  0.2647E+00 -0.1329E-02  0.1329E-02
         charge           0.2964E-01  0.3203E-01  0.2393E-02  0.2393E-02
         residue                      0.1904E-05              0.0000E+00

 5s   0.5    0.0000
         eigenvalue       0.2688E+00  0.2678E+00 -0.9866E-03  0.9866E-03
         charge           0.2987E-01  0.3224E-01  0.2366E-02  0.2366E-02
         residue                      0.2036E-05              0.0000E+00

 6s  -0.5    0.0000
         eigenvalue       0.4291E+00  0.4273E+00 -0.1793E-02  0.1793E-02
         charge           0.2612E-01  0.2918E-01  0.3068E-02  0.3068E-02
         residue                      0.7377E-05              0.0000E+00

 6s   0.5    0.0000
         eigenvalue       0.4315E+00  0.4301E+00 -0.1430E-02  0.1430E-02
         charge           0.2638E-01  0.2936E-01  0.2980E-02  0.2980E-02
         residue                      0.9033E-05              0.0000E+00

 3p  -0.5    3.0000
         eigenvalue      -0.3123E+00 -0.3137E+00 -0.1341E-02  0.1341E+02
         charge           0.5965E+00  0.5981E+00  0.1563E-02  0.1563E+01
         residue                      0.3546E-07              0.0000E+00
         rnode                        0.0000E+00              0.0000E+00

 3p   0.5    2.0000
         eigenvalue      -0.2824E+00 -0.2809E+00  0.1549E-02  0.1549E+02
         charge           0.5851E+00  0.5832E+00 -0.1876E-02  0.1876E+01
         residue                      0.3347E-07              0.0000E+00
         rnode                        0.0000E+00              0.0000E+00

 4p  -0.5    0.0000
         eigenvalue       0.1472E+00  0.1468E+00 -0.3147E-03  0.3147E-03
         charge           0.5644E-01  0.5692E-01  0.4852E-03  0.4852E-03
         residue                      0.1341E-07              0.0000E+00

 4p   0.5    0.0000
         eigenvalue       0.1507E+00  0.1507E+00  0.4188E-05  0.4188E-05
         charge           0.5764E-01  0.5845E-01  0.8062E-03  0.8062E-03
         residue                      0.1281E-07              0.0000E+00

 5p  -0.5    0.0000
         eigenvalue       0.3160E+00  0.3156E+00 -0.4257E-03  0.4257E-03
         charge           0.4338E-01  0.4402E-01  0.6354E-03  0.6354E-03
         residue                      0.4135E-05              0.0000E+00

 5p   0.5    0.0000
         eigenvalue       0.3188E+00  0.3187E+00 -0.1176E-03  0.1176E-03
         charge           0.4458E-01  0.4544E-01  0.8593E-03  0.8593E-03
         residue                      0.4515E-05              0.0000E+00

 6p  -0.5    0.0000
         eigenvalue       0.4721E+00  0.4715E+00 -0.5898E-03  0.5898E-03
         charge           0.3813E-01  0.3895E-01  0.8155E-03  0.8155E-03
         residue                      0.3699E-05              0.0000E+00

 6p   0.5    0.0000
         eigenvalue       0.4746E+00  0.4743E+00 -0.2738E-03  0.2738E-03
         charge           0.3911E-01  0.4010E-01  0.9892E-03  0.9892E-03
         residue                      0.3821E-05              0.0000E+00

 3d  -0.5    0.0000
         eigenvalue       0.1623E+00  0.1619E+00 -0.4513E-03  0.4513E-03
         charge           0.9317E-01  0.9384E-01  0.6673E-03  0.6673E-03
         residue                      0.7269E-08              0.0000E+00

 3d   0.5    0.0000
         eigenvalue       0.1705E+00  0.1703E+00 -0.2544E-03  0.2544E-03
         charge           0.7413E-01  0.7340E-01 -0.7235E-03  0.7235E-03
         residue                      0.9228E-08              0.0000E+00

 4d  -0.5    0.0000
         eigenvalue       0.2900E+00  0.2897E+00 -0.3369E-03  0.3369E-03
         charge           0.1126E+00  0.1112E+00 -0.1449E-02  0.1449E-02
         residue                      0.1015E-06              0.0000E+00

 4d   0.5    0.0000
         eigenvalue       0.2975E+00  0.2975E+00  0.3263E-04  0.3263E-04
         charge           0.1059E+00  0.1032E+00 -0.2662E-02  0.2662E-02
         residue                      0.1937E-06              0.0000E+00

 5d  -0.5    0.0000
         eigenvalue       0.4250E+00  0.4250E+00  0.4875E-04  0.4875E-04
         charge           0.1059E+00  0.1032E+00 -0.2685E-02  0.2685E-02
         residue                      0.2886E-04              0.0000E+00

 5d   0.5    0.0000
         eigenvalue       0.4308E+00  0.4313E+00  0.4756E-03  0.4756E-03
         charge           0.1067E+00  0.1032E+00 -0.3516E-02  0.3516E-02
         residue                      0.3156E-04              0.0000E+00

 4f  -0.5    0.0000
         eigenvalue       0.2959E+00  0.2959E+00  0.1923E-04  0.1923E-04
         charge           0.4111E-03  0.4168E-03  0.5667E-05  0.5667E-05
         residue                      0.6046E-07              0.0000E+00

 4f   0.5    0.0000
         eigenvalue       0.2965E+00  0.2964E+00 -0.3341E-04  0.3341E-04
         charge           0.3674E-03  0.3733E-03  0.5820E-05  0.5820E-05
         residue                      0.6006E-07              0.0000E+00

 5f  -0.5    0.0000
         eigenvalue       0.4324E+00  0.4324E+00  0.2355E-04  0.2355E-04
         charge           0.1413E-02  0.1436E-02  0.2295E-04  0.2295E-04
         residue                      0.1616E-04              0.0000E+00

 5f   0.5    0.0000
         eigenvalue       0.4336E+00  0.4336E+00 -0.4564E-04  0.4564E-04
         charge           0.1267E-02  0.1289E-02  0.2172E-04  0.2172E-04
         residue                      0.1686E-04              0.0000E+00

 diff for dcharg and echarge is given in (%)

 Total SCF-cycles:           35
 Pseudoatom calculations:            1

 Simple Time Profiling
 _____________________

 gatom  overall runtime     0.070 seconds
 MPI comminactions time     0.000 seconds
 wavelet libraries time     0.000 seconds
 ________________________________________
               CPU time     1.546 seconds

 ______________________________________________________
                                               finished

