 *********************************************
 ***              pseudo_2.5               ***
 ***              fitting of               ***
 ***   goedecker type pseudopotentials     ***
 ***   last changes:     december 2010     ***
 ***   output file for process  1 of  2    ***
 *********************************************

 Reading the file input.dat
 __________________________

            1 fit cycles
          200 max. simplex iterations
 plot wfs after each iteration

hgrid parameters   4  0.3500E+00  0.5000E+00 14
offset and radii   0.0000E+00  0.1000E+02  0.1000E+02
The wavelet coeffs will use about 1.41 MB per orbital.

 Reading data from atom.01.ae
 ____________________________



 pseudo states =            26
 znuc          =     17.00000000000000     
 zpseudo       =     7.000000000000000     
 r_covalent    =     1.870000000000000     
 r_confining   =     3.740000000000000     
 ispp          = s
 gridpoints    =           964

 Initializing libXC with iXC =    -20; nspol =    2

  nl    s      occ        eigenvalue     charge(rcov)    
 3s  -0.5    1.0000   -0.7494744401    0.7489409577
 3s   0.5    1.0000   -0.7160465506    0.7444605766
 4s  -0.5    0.0000    0.0721879190    0.0477492394
 4s   0.5    0.0000    0.0769853482    0.0468195070
 5s  -0.5    0.0000    0.2660068508    0.0296391152
 5s   0.5    0.0000    0.2687767996    0.0298705322
 6s  -0.5    0.0000    0.4291135108    0.0261160862
 6s   0.5    0.0000    0.4314899329    0.0263761314
 3p  -0.5    3.0000   -0.3123372193    0.5964961043
 3p   0.5    2.0000   -0.2824403531    0.5850561994
 4p  -0.5    0.0000    0.1471616682    0.0564369248
 4p   0.5    0.0000    0.1507033340    0.0576423240
 5p  -0.5    0.0000    0.3159946390    0.0433826836
 5p   0.5    0.0000    0.3187807028    0.0445828941
 6p  -0.5    0.0000    0.4720902585    0.0381346681
 6p   0.5    0.0000    0.4746014347    0.0391140105
 3d  -0.5    0.0000    0.1623100657    0.0931727411
 3d   0.5    0.0000    0.1705201264    0.0741263987
 4d  -0.5    0.0000    0.2900064033    0.1126347810
 4d   0.5    0.0000    0.2974742998    0.1058631430
 5d  -0.5    0.0000    0.4249547521    0.1058989870
 5d   0.5    0.0000    0.4307946527    0.1067465933
 4f  -0.5    0.0000    0.2958560612    0.0004110996
 4f   0.5    0.0000    0.2964766168    0.0003674438
 5f  -0.5    0.0000    0.4324236875    0.0014133925
 5f   0.5    0.0000    0.4336158399    0.0012669859
 noccmax             4

 All electron and pseudo-wfn quantum numbers
         n(AE)   l   inl(PS)   
           3     0     1
           3     0     1
           4     0     2
           4     0     2
           5     0     3
           5     0     3
           6     0     4
           6     0     4
           3     1     1
           3     1     1
           4     1     2
           4     1     2
           5     1     3
           5     1     3
           6     1     4
           6     1     4
           3     2     1
           3     2     1
           4     2     2
           4     2     2
           5     2     3
           5     2     3
           4     3     1
           4     3     1
           5     3     2
           5     3     2

 Reading actual weights from file weights.par
 ____________________________________________

 Weight for psi(r=0)=0 is         0.0000000000E+00
 for Ekin(gauss-wavelet)          0.0000000000E+00
 for small radii (norm prj)       0.1000000000E+01
 for large hij  (instable)        0.1000000000E+01
 and for excitation energies      0.1000000000E+04

 all electron energy (Ryd):   -917.2003244892574     

 excitation energies (AE)
   0     0.0000000000E+00
   1    -0.7475004137E-02

 Reading data from psppar
 ________________________

 GTH format

    1.870000000000000         3.740000000000000         0.000000000000000      
    0.000000000000000      <===================
     1.870     3.740     0.000     0.000    rcov, rprb, rcore,zcore (NLCC)
                             spin polarized calculation
        -20                  ixc for XC-functional

 local part
  17.   7.00  0.410 -0.689E+01  0.000E+00  0.000E+00  0.000E+00 znuc,zion, rloc, gpot() 
 nonlocal part in internal format
   1                                                       lpx, (Projectors for l=0..lpx)
 l=            0
  0.339  0.491E+01  0.000E+00  0.416E+01  0.000E+00  0.000E+00  0.000E+00  r_l(),hsep(), so=+0.5
 l=            1
  0.376  0.449E+01  0.000E+00  0.000E+00  0.000E+00  0.000E+00  0.000E+00  r_l(),hsep(), so=+0.5
         0.449E+01  0.000E+00  0.000E+00  0.000E+00  0.000E+00  0.000E+00        hsep(), so=-0.5

 Gaussian basis
 ______________

 amin,amax 0.2050E+00 0.1615E+02
 gaussian 0.7850E+01 0.5179E+01 0.3417E+01 ....  0.4403E-02 0.2905E-02
 gaussians:           20
 r-grid:  0.5125E-03 0.5491E-03 0.5884E-03 ....  0.5236E+02 0.5610E+02
 gridpoints:          169


 Reading fitting parameters from FITPAR
 ______________________________________

 initial width, tries and spread for convergence     0.2000000000E-01 200     0.10000E-05

 Free parameters of the fit:

 gpot(1)   
 r_l(1)    
 hsep(1,1) 
 hsep(1,2) 
 hsep(1,3) 
 r_l(2)    
 hsep(2,1) 

 starting amoeba cycle   1
 _________________________

 Penalty contributions of the initial parameters and random simplex vertices
 ___________________________________________________________________________

  amoeba   vertex    overall penalty      softness             psp empirical        all configurations   all excitation       this configuration
    step   number    value                gauss-wvlt           (hgridmax/r)**12     E_KS, integrals      energies             and its excitation
       0       1     0.3770455073E+02     0.0000000000E+00     0.2643448737E-03     0.3769759448E+02     0.7242349969E+00     0.3754382532E+02
       0       2     0.3783393950E+02     0.0000000000E+00     0.2643448737E-03     0.3782702500E+02     0.7232964143E+00     0.3762188708E+02
       0       3     0.3927161049E+02     0.0000000000E+00     0.2645466837E-03     0.3926496984E+02     0.7221732174E+00     0.3775794652E+02
       0       4     0.3716653482E+02     0.0000000000E+00     0.2627946956E-03     0.3715948975E+02     0.7236242572E+00     0.3716066894E+02
       0       5     0.4157518198E+02     0.0000000000E+00     0.2643448737E-03     0.4156884572E+02     0.7258252689E+00     0.3985182303E+02
       0       6     0.4191743830E+02     0.0000000000E+00     0.2645205708E-03     0.4191115578E+02     0.7257100362E+00     0.4005438741E+02
       0       7     0.3709819870E+02     0.0000000000E+00     0.2643375940E-03     0.3709116940E+02     0.7221487154E+00     0.3709679469E+02
       0       8     0.3726019739E+02     0.0000000000E+00     0.2644641757E-03     0.3725318110E+02     0.7230542452E+00     0.3723101206E+02

 Penalty contributions of the currently lowest vertex
 ____________________________________________________

  amoeba   gatom     overall penalty      softness             psp empirical        all configurations   all excitation       this configuration
    step   calls     value                gauss-wvlt           (hgridmax/r)**12     E_KS, integrals      energies             and its excitation
       9      23     0.3707704898E+02     0.0000000000E+00     0.2639762970E-03     0.3707001251E+02     0.7223114856E+00     0.3696323158E+02
      10      25     0.3706650321E+02     0.0000000000E+00     0.2641332712E-03     0.3705945649E+02     0.7227343676E+00     0.3696379811E+02
      12      28     0.3705211080E+02     0.0000000000E+00     0.2639028224E-03     0.3704506503E+02     0.7225448589E+00     0.3696695404E+02
      14      31     0.3704361355E+02     0.0000000000E+00     0.2641455508E-03     0.3703656364E+02     0.7226745759E+00     0.3703702136E+02
      17      36     0.3704312421E+02     0.0000000000E+00     0.2647450427E-03     0.3703608538E+02     0.7221018864E+00     0.3696049879E+02
      18      38     0.3703656302E+02     0.0000000000E+00     0.2646800012E-03     0.3702951526E+02     0.7224956447E+00     0.3702919125E+02
      20      42     0.3703565174E+02     0.0000000000E+00     0.2644786543E-03     0.3702860074E+02     0.7226528359E+00     0.3702599808E+02
      21      44     0.3703056724E+02     0.0000000000E+00     0.2642466980E-03     0.3702351570E+02     0.7226310262E+00     0.3697631193E+02
      22      46     0.3702726318E+02     0.0000000000E+00     0.2641559525E-03     0.3702021273E+02     0.7225424528E+00     0.3698127866E+02
      23      47     0.3702547209E+02     0.0000000000E+00     0.2645151399E-03     0.3701842992E+02     0.7221012883E+00     0.3696898274E+02
      26      53     0.3702491718E+02     0.0000000000E+00     0.2645856510E-03     0.3701787125E+02     0.7222882546E+00     0.3697438609E+02
      28      57     0.3702325443E+02     0.0000000000E+00     0.2645513781E-03     0.3701620499E+02     0.7224519473E+00     0.3700320904E+02
      30      60     0.3702027691E+02     0.0000000000E+00     0.2646801156E-03     0.3701323386E+02     0.7220952072E+00     0.3699682337E+02
      31      62     0.3701825156E+02     0.0000000000E+00     0.2649212953E-03     0.3701120890E+02     0.7220558069E+00     0.3699460302E+02
      31      63     0.3702024950E+02     0.0000000000E+00     0.2653055983E-03     0.3701321197E+02     0.7218121095E+00     0.3700443495E+02
      33      67     0.3702000155E+02     0.0000000000E+00     0.2645844845E-03     0.3701295682E+02     0.7221788141E+00     0.3697995796E+02
      34      68     0.3701566936E+02     0.0000000000E+00     0.2649829130E-03     0.3700862591E+02     0.7220710745E+00     0.3697734799E+02
      34      69     0.3701471083E+02     0.0000000000E+00     0.2652838236E-03     0.3700767024E+02     0.7219148814E+00     0.3696580754E+02
      36      71     0.3701245444E+02     0.0000000000E+00     0.2652594281E-03     0.3700541760E+02     0.7217008231E+00     0.3697994001E+02
      36      72     0.3700938339E+02     0.0000000000E+00     0.2656630137E-03     0.3700235392E+02     0.7212929744E+00     0.3697070510E+02
      40      76     0.3700894688E+02     0.0000000000E+00     0.2657342621E-03     0.3700191699E+02     0.7213101953E+00     0.3698084289E+02
      40      77     0.3700739725E+02     0.0000000000E+00     0.2662963151E-03     0.3700037621E+02     0.7208409956E+00     0.3698292779E+02
      41      78     0.3700586879E+02     0.0000000000E+00     0.2661338789E-03     0.3699884233E+02     0.7211037261E+00     0.3696084787E+02
      41      79     0.3700471589E+02     0.0000000000E+00     0.2668663627E-03     0.3699769890E+02     0.7206069405E+00     0.3694570074E+02
      43      81     0.3700105446E+02     0.0000000000E+00     0.2670730756E-03     0.3699404177E+02     0.7203502712E+00     0.3695065593E+02
      43      82     0.3699884618E+02     0.0000000000E+00     0.2683349946E-03     0.3699185092E+02     0.7194330983E+00     0.3693910981E+02
      46      85     0.3699802788E+02     0.0000000000E+00     0.2678888766E-03     0.3699102408E+02     0.7198642324E+00     0.3694132101E+02
      49      89     0.3699438173E+02     0.0000000000E+00     0.2695699150E-03     0.3698740042E+02     0.7186723634E+00     0.3693971736E+02
      59     104     0.3698954808E+02     0.0000000000E+00     0.2692585707E-03     0.3698255683E+02     0.7191366177E+00     0.3693966211E+02
      59     105     0.3698589577E+02     0.0000000000E+00     0.2696774216E-03     0.3697890595E+02     0.7190272957E+00     0.3693305308E+02
      67     114     0.3698432085E+02     0.0000000000E+00     0.2687876175E-03     0.3697731732E+02     0.7197167910E+00     0.3694153444E+02
      67     115     0.3698248770E+02     0.0000000000E+00     0.2683984181E-03     0.3697547366E+02     0.7202388047E+00     0.3694398994E+02
      69     117     0.3698205237E+02     0.0000000000E+00     0.2704617675E-03     0.3697507020E+02     0.7185966016E+00     0.3693501807E+02
      69     118     0.3698228188E+02     0.0000000000E+00     0.2715840809E-03     0.3697531137E+02     0.7179985717E+00     0.3693546746E+02
      70     119     0.3698038751E+02     0.0000000000E+00     0.2691128114E-03     0.3697338233E+02     0.7197634541E+00     0.3692897622E+02
      71     121     0.3697475906E+02     0.0000000000E+00     0.2713599380E-03     0.3696778021E+02     0.7183552372E+00     0.3692246895E+02
      71     122     0.3697054504E+02     0.0000000000E+00     0.2730230058E-03     0.3696358012E+02     0.7175968667E+00     0.3691307478E+02
      73     124     0.3696827121E+02     0.0000000000E+00     0.2705153323E-03     0.3696127388E+02     0.7192422108E+00     0.3692510665E+02
      73     125     0.3696179214E+02     0.0000000000E+00     0.2706810897E-03     0.3695478724E+02     0.7195679162E+00     0.3692523806E+02
      74     126     0.3696057459E+02     0.0000000000E+00     0.2713130178E-03     0.3695358131E+02     0.7189591907E+00     0.3691638939E+02
      74     127     0.3694920300E+02     0.0000000000E+00     0.2721366579E-03     0.3694220826E+02     0.7189237110E+00     0.3690842875E+02
      78     131     0.3694134628E+02     0.0000000000E+00     0.2753073317E-03     0.3693437831E+02     0.7174704179E+00     0.3689395372E+02
      78     132     0.3693243653E+02     0.0000000000E+00     0.2784991156E-03     0.3692548947E+02     0.7163065997E+00     0.3687861114E+02
      80     134     0.3692928913E+02     0.0000000000E+00     0.2741258190E-03     0.3692228843E+02     0.7190359484E+00     0.3689936748E+02
      80     135     0.3692292403E+02     0.0000000000E+00     0.2746789193E-03     0.3691590810E+02     0.7197556721E+00     0.3689955852E+02
      81     136     0.3691864547E+02     0.0000000000E+00     0.2776950026E-03     0.3691168042E+02     0.7170996416E+00     0.3687243635E+02
      81     137     0.3690403550E+02     0.0000000000E+00     0.2813187871E-03     0.3689709214E+02     0.7158409119E+00     0.3684509966E+02
      82     138     0.3690163561E+02     0.0000000000E+00     0.2789515680E-03     0.3689467068E+02     0.7169280818E+00     0.3684848410E+02
      82     139     0.3687862942E+02     0.0000000000E+00     0.2825176861E-03     0.3687167953E+02     0.7159307871E+00     0.3680889382E+02
      85     142     0.3686493795E+02     0.0000000000E+00     0.2866054273E-03     0.3685800035E+02     0.7151647079E+00     0.3680599412E+02
      85     143     0.3683410547E+02     0.0000000000E+00     0.2943142992E-03     0.3682720017E+02     0.7131994712E+00     0.3674501049E+02
      87     145     0.3682866817E+02     0.0000000000E+00     0.2881573703E-03     0.3682170501E+02     0.7161283852E+00     0.3677187065E+02
      87     146     0.3679951539E+02     0.0000000000E+00     0.2931721330E-03     0.3679254918E+02     0.7160012362E+00     0.3672270649E+02
      89     148     0.3679377912E+02     0.0000000000E+00     0.2954882931E-03     0.3678684559E+02     0.7142642428E+00     0.3670565715E+02
      89     149     0.3676608378E+02     0.0000000000E+00     0.3029796079E-03     0.3675916160E+02     0.7134108891E+00     0.3663762433E+02
     101     166     0.3675629698E+02     0.0000000000E+00     0.3071595028E-03     0.3674937122E+02     0.7135002807E+00     0.3662401955E+02
     101     167     0.3675478985E+02     0.0000000000E+00     0.3114032246E-03     0.3674786685E+02     0.7133435520E+00     0.3661108071E+02
     106     173     0.3674762750E+02     0.0000000000E+00     0.3124512637E-03     0.3674071864E+02     0.7125454247E+00     0.3658778055E+02
     106     174     0.3674547050E+02     0.0000000000E+00     0.3141819317E-03     0.3673856125E+02     0.7125446556E+00     0.3659133344E+02
     110     179     0.3674059702E+02     0.0000000000E+00     0.3154173237E-03     0.3673369784E+02     0.7119778079E+00     0.3658177578E+02
     110     180     0.3673466900E+02     0.0000000000E+00     0.3197130178E-03     0.3672778891E+02     0.7109350672E+00     0.3656574348E+02
     117     188     0.3673353193E+02     0.0000000000E+00     0.3214899950E-03     0.3672667077E+02     0.7099449354E+00     0.3653913495E+02
     121     193     0.3673216002E+02     0.0000000000E+00     0.3277903670E-03     0.3672532367E+02     0.7086475953E+00     0.3651769395E+02
     124     199     0.3672966556E+02     0.0000000000E+00     0.3301979116E-03     0.3672282139E+02     0.7090281268E+00     0.3650758596E+02
     135     218     0.3672938107E+02     0.0000000000E+00     0.3272291075E-03     0.3672253219E+02     0.7092694976E+00     0.3652636562E+02
     136     220     0.3672935019E+02     0.0000000000E+00     0.3299161359E-03     0.3672251396E+02     0.7086140343E+00     0.3651043789E+02
     138     223     0.3672934479E+02     0.0000000000E+00     0.3275942583E-03     0.3672249955E+02     0.7090808182E+00     0.3652503367E+02
     139     225     0.3672928997E+02     0.0000000000E+00     0.3289840834E-03     0.3672244602E+02     0.7090135430E+00     0.3651890188E+02
     140     226     0.3672869752E+02     0.0000000000E+00     0.3309563335E-03     0.3672185984E+02     0.7086827708E+00     0.3651120061E+02
     140     227     0.3672916325E+02     0.0000000000E+00     0.3325696791E-03     0.3672232825E+02     0.7085480190E+00     0.3650726134E+02
     141     229     0.3672893463E+02     0.0000000000E+00     0.3297937897E-03     0.3672209947E+02     0.7085547127E+00     0.3651239585E+02
     142     230     0.3672882131E+02     0.0000000000E+00     0.3272129642E-03     0.3672197206E+02     0.7092834673E+00     0.3652012689E+02
     144     234     0.3672853021E+02     0.0000000000E+00     0.3315473649E-03     0.3672169676E+02     0.7084621949E+00     0.3650372707E+02
     145     236     0.3672848258E+02     0.0000000000E+00     0.3293047293E-03     0.3672163727E+02     0.7090758907E+00     0.3651814055E+02
     147     239     0.3672765866E+02     0.0000000000E+00     0.3316348307E-03     0.3672082319E+02     0.7085584037E+00     0.3650243418E+02
     147     240     0.3672729932E+02     0.0000000000E+00     0.3329715740E-03     0.3672046818E+02     0.7083304393E+00     0.3649432217E+02
     150     245     0.3672728243E+02     0.0000000000E+00     0.3317565625E-03     0.3672044838E+02     0.7084809164E+00     0.3650366332E+02
     150     246     0.3672670391E+02     0.0000000000E+00     0.3328340372E-03     0.3671987447E+02     0.7082367023E+00     0.3649944418E+02
     156     253     0.3672603229E+02     0.0000000000E+00     0.3349670851E-03     0.3671921115E+02     0.7077995232E+00     0.3648734692E+02
     156     254     0.3672556957E+02     0.0000000000E+00     0.3367389165E-03     0.3671875656E+02     0.7073730300E+00     0.3647725597E+02
     157     255     0.3672510649E+02     0.0000000000E+00     0.3336327128E-03     0.3671828149E+02     0.7079909003E+00     0.3649209843E+02
     157     256     0.3672383939E+02     0.0000000000E+00     0.3336200679E-03     0.3671701635E+02     0.7078768117E+00     0.3648957509E+02
     162     261     0.3672292630E+02     0.0000000000E+00     0.3344463354E-03     0.3671610748E+02     0.7076491312E+00     0.3648461708E+02
     162     262     0.3672181083E+02     0.0000000000E+00     0.3340779305E-03     0.3671499501E+02     0.7074830368E+00     0.3648218312E+02
     163     263     0.3672169166E+02     0.0000000000E+00     0.3371756136E-03     0.3671488168E+02     0.7071787542E+00     0.3647047187E+02
     163     264     0.3672035816E+02     0.0000000000E+00     0.3393785891E-03     0.3671355810E+02     0.7066507715E+00     0.3645654859E+02
     166     267     0.3672001564E+02     0.0000000000E+00     0.3361715598E-03     0.3671321042E+02     0.7069148802E+00     0.3647288767E+02
     166     268     0.3671952481E+02     0.0000000000E+00     0.3362710618E-03     0.3671272794E+02     0.7064765924E+00     0.3646991632E+02
     167     269     0.3671788302E+02     0.0000000000E+00     0.3345839298E-03     0.3671107164E+02     0.7072147842E+00     0.3647803409E+02
     167     270     0.3671549427E+02     0.0000000000E+00     0.3332456681E-03     0.3670868297E+02     0.7071870162E+00     0.3648017269E+02
     171     274     0.3671321605E+02     0.0000000000E+00     0.3374526313E-03     0.3670642277E+02     0.7062296059E+00     0.3645632576E+02
     171     275     0.3670995918E+02     0.0000000000E+00     0.3391632729E-03     0.3670317730E+02     0.7056055469E+00     0.3644398326E+02
     175     279     0.3670934696E+02     0.0000000000E+00     0.3357830509E-03     0.3670256113E+02     0.7058045520E+00     0.3645801710E+02
     175     280     0.3670615256E+02     0.0000000000E+00     0.3355726213E-03     0.3669937366E+02     0.7054134589E+00     0.3645679842E+02
     178     283     0.3670538731E+02     0.0000000000E+00     0.3317476524E-03     0.3669858005E+02     0.7068804295E+00     0.3647561217E+02
     178     284     0.3670232479E+02     0.0000000000E+00     0.3284490037E-03     0.3669550951E+02     0.7072672097E+00     0.3648590473E+02
     179     285     0.3670005148E+02     0.0000000000E+00     0.3361263298E-03     0.3669326341E+02     0.7058320437E+00     0.3645159673E+02
     179     286     0.3669303897E+02     0.0000000000E+00     0.3378135954E-03     0.3668626241E+02     0.7051659772E+00     0.3643788566E+02
     183     290     0.3669164530E+02     0.0000000000E+00     0.3290145285E-03     0.3668484743E+02     0.7062605479E+00     0.3647173866E+02
     183     291     0.3669010480E+02     0.0000000000E+00     0.3240834417E-03     0.3668330118E+02     0.7065443114E+00     0.3648103713E+02
     184     292     0.3668706356E+02     0.0000000000E+00     0.3337445836E-03     0.3668029816E+02     0.7045276529E+00     0.3644075919E+02
     184     293     0.3668656948E+02     0.0000000000E+00     0.3346316596E-03     0.3667982969E+02     0.7031885059E+00     0.3642161304E+02
     185     294     0.3667748935E+02     0.0000000000E+00     0.3299453614E-03     0.3667070056E+02     0.7056525905E+00     0.3644993676E+02
     185     295     0.3666945587E+02     0.0000000000E+00     0.3271795868E-03     0.3666266393E+02     0.7057390056E+00     0.3644254970E+02
     187     297     0.3666548258E+02     0.0000000000E+00     0.3334017108E-03     0.3665870578E+02     0.7049136652E+00     0.3643173965E+02
     187     298     0.3665062974E+02     0.0000000000E+00     0.3336923926E-03     0.3664385329E+02     0.7047525163E+00     0.3641887927E+02
     192     304     0.3664616556E+02     0.0000000000E+00     0.3313223630E-03     0.3663938610E+02     0.7048659479E+00     0.3640914452E+02
     192     305     0.3663693973E+02     0.0000000000E+00     0.3296856565E-03     0.3663014258E+02     0.7056965421E+00     0.3640680408E+02
     196     309     0.3662975490E+02     0.0000000000E+00     0.3305777927E-03     0.3662295720E+02     0.7056555323E+00     0.3639842544E+02
     196     310     0.3663651208E+02     0.0000000000E+00     0.3275340372E-03     0.3662969478E+02     0.7067372294E+00     0.3639620158E+02
     197     311     0.3661180150E+02     0.0000000000E+00     0.3404713193E-03     0.3660503844E+02     0.7036831344E+00     0.3636034263E+02
     197     312     0.3660015458E+02     0.0000000000E+00     0.3474459716E-03     0.3659340840E+02     0.7026927503E+00     0.3632873096E+02
 --- Simplex done, max no of iterations reached.
 ______________
 leaving amoeba



  Pseudo atom energies
  ____________________

 kinetic energy            =    5.6489270146
 potential energy          =  -11.2588705229
 non local energy          =    2.6417457770
 hartree energy with XC    =    9.1769014417
 exchange + corr energy    =   -2.7589002700
 vxc    correction         =   -3.6086095304
 -------------------------------------------
 el-el  interaction energy =   12.6683564791
 external energy           =  -33.4102029607
 sum of eigenvalues        =   -2.9681977313
 -------------------------------------------
 total energy              =  -14.7868449499

 atomic+electronic charge 0.9210E-12


 Empirical penalty terms from psppar
 ___________________________________

 radii      1.0949489410496454E-004
 hij        3.2974167370094913E-004
 kij         0.000000000000000     


 Excitation energies
 ___________________

 Configuration,    dE=Etot-Etot1,    (dE-dE_AE)*weight
             0  0.000000000000E+00  0.000000000000E+00
             1 -0.817769688771E-02  0.702692750252E+00


 Penalty contribtions from this configuration
 ____________________________________________

          psi(r=0) =  0.1023E-01          ; psi(0)*wght=  0.0000E+00

 nl    s      occ              ae        pseudo       diff     diff*weight
 3s  -0.5    1.0000
         eigenvalue      -0.7495E+00 -0.7515E+00 -0.2001E-02  0.2001E+02
         charge           0.7489E+00  0.7481E+00 -0.8621E-03  0.8621E+00
         residue                      0.4206E-06              0.0000E+00
         rnode                        0.0000E+00              0.0000E+00

 3s   0.5    1.0000
         eigenvalue      -0.7160E+00 -0.7138E+00  0.2233E-02  0.2233E+02
         charge           0.7445E+00  0.7414E+00 -0.3085E-02  0.3085E+01
         residue                      0.4218E-06              0.0000E+00
         rnode                        0.1348E-01              0.1348E-01

 4s  -0.5    0.0000
         eigenvalue       0.7219E-01  0.7149E-01 -0.7003E-03  0.7003E-03
         charge           0.4775E-01  0.4944E-01  0.1695E-02  0.1695E-02
         residue                      0.5441E-07              0.0000E+00

 4s   0.5    0.0000
         eigenvalue       0.7699E-01  0.7664E-01 -0.3442E-03  0.3442E-03
         charge           0.4682E-01  0.4856E-01  0.1740E-02  0.1740E-02
         residue                      0.5147E-07              0.0000E+00

 5s  -0.5    0.0000
         eigenvalue       0.2660E+00  0.2652E+00 -0.7710E-03  0.7710E-03
         charge           0.2964E-01  0.3125E-01  0.1615E-02  0.1615E-02
         residue                      0.1863E-05              0.0000E+00

 5s   0.5    0.0000
         eigenvalue       0.2688E+00  0.2683E+00 -0.4662E-03  0.4662E-03
         charge           0.2987E-01  0.3151E-01  0.1641E-02  0.1641E-02
         residue                      0.1998E-05              0.0000E+00

 6s  -0.5    0.0000
         eigenvalue       0.4291E+00  0.4281E+00 -0.1062E-02  0.1062E-02
         charge           0.2612E-01  0.2817E-01  0.2056E-02  0.2056E-02
         residue                      0.7639E-05              0.0000E+00

 6s   0.5    0.0000
         eigenvalue       0.4315E+00  0.4307E+00 -0.7423E-03  0.7423E-03
         charge           0.2638E-01  0.2841E-01  0.2036E-02  0.2036E-02
         residue                      0.9335E-05              0.0000E+00

 3p  -0.5    3.0000
         eigenvalue      -0.3123E+00 -0.3137E+00 -0.1325E-02  0.1325E+02
         charge           0.5965E+00  0.5959E+00 -0.5944E-03  0.5944E+00
         residue                      0.2554E-07              0.0000E+00
         rnode                        0.0000E+00              0.0000E+00

 3p   0.5    2.0000
         eigenvalue      -0.2824E+00 -0.2810E+00  0.1479E-02  0.1479E+02
         charge           0.5851E+00  0.5811E+00 -0.3939E-02  0.3939E+01
         residue                      0.2388E-07              0.0000E+00
         rnode                        0.0000E+00              0.0000E+00

 4p  -0.5    0.0000
         eigenvalue       0.1472E+00  0.1470E+00 -0.1886E-03  0.1886E-03
         charge           0.5644E-01  0.5679E-01  0.3525E-03  0.3525E-03
         residue                      0.1113E-07              0.0000E+00

 4p   0.5    0.0000
         eigenvalue       0.1507E+00  0.1508E+00  0.1204E-03  0.1204E-03
         charge           0.5764E-01  0.5830E-01  0.6574E-03  0.6574E-03
         residue                      0.1058E-07              0.0000E+00

 5p  -0.5    0.0000
         eigenvalue       0.3160E+00  0.3158E+00 -0.2298E-03  0.2298E-03
         charge           0.4338E-01  0.4391E-01  0.5281E-03  0.5281E-03
         residue                      0.4145E-05              0.0000E+00

 5p   0.5    0.0000
         eigenvalue       0.3188E+00  0.3188E+00  0.6795E-04  0.6795E-04
         charge           0.4458E-01  0.4532E-01  0.7415E-03  0.7415E-03
         residue                      0.4523E-05              0.0000E+00

 6p  -0.5    0.0000
         eigenvalue       0.4721E+00  0.4718E+00 -0.3397E-03  0.3397E-03
         charge           0.3813E-01  0.3885E-01  0.7129E-03  0.7129E-03
         residue                      0.3692E-05              0.0000E+00

 6p   0.5    0.0000
         eigenvalue       0.4746E+00  0.4746E+00 -0.3468E-04  0.3468E-04
         charge           0.3911E-01  0.3999E-01  0.8804E-03  0.8804E-03
         residue                      0.3833E-05              0.0000E+00

 3d  -0.5    0.0000
         eigenvalue       0.1623E+00  0.1611E+00 -0.1241E-02  0.1241E-02
         charge           0.9317E-01  0.9599E-01  0.2816E-02  0.2816E-02
         residue                      0.7140E-08              0.0000E+00

 3d   0.5    0.0000
         eigenvalue       0.1705E+00  0.1696E+00 -0.8998E-03  0.8998E-03
         charge           0.7413E-01  0.7511E-01  0.9850E-03  0.9850E-03
         residue                      0.9236E-08              0.0000E+00

 4d  -0.5    0.0000
         eigenvalue       0.2900E+00  0.2889E+00 -0.1068E-02  0.1068E-02
         charge           0.1126E+00  0.1121E+00 -0.5634E-03  0.5634E-03
         residue                      0.9589E-07              0.0000E+00

 4d   0.5    0.0000
         eigenvalue       0.2975E+00  0.2968E+00 -0.6655E-03  0.6655E-03
         charge           0.1059E+00  0.1043E+00 -0.1536E-02  0.1536E-02
         residue                      0.1850E-06              0.0000E+00

 5d  -0.5    0.0000
         eigenvalue       0.4250E+00  0.4244E+00 -0.5626E-03  0.5626E-03
         charge           0.1059E+00  0.1033E+00 -0.2600E-02  0.2600E-02
         residue                      0.2857E-04              0.0000E+00

 5d   0.5    0.0000
         eigenvalue       0.4308E+00  0.4306E+00 -0.1485E-03  0.1485E-03
         charge           0.1067E+00  0.1035E+00 -0.3213E-02  0.3213E-02
         residue                      0.3126E-04              0.0000E+00

 4f  -0.5    0.0000
         eigenvalue       0.2959E+00  0.2958E+00 -0.5420E-04  0.5420E-04
         charge           0.4111E-03  0.4203E-03  0.9209E-05  0.9209E-05
         residue                      0.6054E-07              0.0000E+00

 4f   0.5    0.0000
         eigenvalue       0.2965E+00  0.2964E+00 -0.1015E-03  0.1015E-03
         charge           0.3674E-03  0.3763E-03  0.8808E-05  0.8808E-05
         residue                      0.6015E-07              0.0000E+00

 5f  -0.5    0.0000
         eigenvalue       0.4324E+00  0.4324E+00 -0.7220E-04  0.7220E-04
         charge           0.1413E-02  0.1448E-02  0.3469E-04  0.3469E-04
         residue                      0.1611E-04              0.0000E+00

 5f   0.5    0.0000
         eigenvalue       0.4336E+00  0.4335E+00 -0.1325E-03  0.1325E-03
         charge           0.1267E-02  0.1299E-02  0.3171E-04  0.3171E-04
         residue                      0.1680E-04              0.0000E+00

 diff for dcharg and echarge is given in (%)

 Resulting Pseudpotential Parameters
 ___________________________________


 Total SCF-cycles:         3691
 Pseudoatom calculations:          318

 Simple Time Profiling
 _____________________

 gatom  overall runtime     6.536 seconds
 MPI comminactions time     0.160 seconds
 wavelet libraries time     0.000 seconds
 ________________________________________
               CPU time     8.214 seconds

 ______________________________________________________
                                               finished

